node=star031  start=Mon Sep  7 12:48:37 PM KST 2026
Using bundled external FASTA: /data/galaxy4/user/j2ho/DB/ChEMBL-Q/chembl_curator/assets/external_targets.fasta
2026-09-07 12:48:40,818 - chembl_curator.splitter - INFO - ChEMBL sequences: 1413
2026-09-07 12:48:40,933 - chembl_curator.splitter - INFO - External sequences: 38839
2026-09-07 12:48:40,958 - chembl_curator.splitter - INFO - Combined FASTA: 40252 sequences. Running MMseqs2 at seqid=0.4...
2026-09-07 12:49:01,440 - chembl_curator.splitter - INFO - External homologue search: 155090 hits, 974 ChEMBL targets blocked from test (>=0.4 identity over >=80% of the external sequence)
2026-09-07 12:49:01,452 - chembl_curator.splitter - INFO - Clusters: 3240, sizes min=1 max=1169 median=2
2026-09-07 12:49:01,467 - chembl_curator.splitter - INFO - Test-eligible clusters (ChEMBL-only): 407; 2833 clusters forced to train, holding 983 ChEMBL targets that share a cluster with PDBbind or BioLiP
2026-09-07 12:49:01,468 - chembl_curator.splitter - INFO - Source totals: chembl=430
2026-09-07 12:49:01,468 - chembl_curator.splitter - INFO - Train clusters: 2833 (2833 of them forced by external overlap), test clusters: 407
2026-09-07 12:49:01,482 - chembl_curator.splitter - INFO - Actual train: biolip=23397, chembl=983, pdbbind=15442
2026-09-07 12:49:01,482 - chembl_curator.splitter - INFO - Actual test:  biolip=0, chembl=430, pdbbind=0
2026-09-07 12:49:10,158 - chembl_curator.splitter - INFO - Separation round 1: demoted 2 test targets within 0.4 identity of train (2 total)
2026-09-07 12:49:18,893 - chembl_curator.splitter - INFO - Demoted 2 test targets to train for being within 0.4 identity of a train sequence despite landing in a ChEMBL-only cluster
2026-09-07 12:49:20,845 - chembl_curator.splitter - INFO - ChEMBL targets with actives: 1413, total active lines: 88192
2026-09-07 12:49:20,971 - chembl_curator.splitter - INFO - Train: 118420 lines -> /data/galaxy4/user/j2ho/DB/ChEMBL-Q/curated_v5/train.txt
2026-09-07 12:49:20,971 - chembl_curator.splitter - INFO - Test:  8611 lines -> /data/galaxy4/user/j2ho/DB/ChEMBL-Q/curated_v5/test.txt
2026-09-07 12:49:20,976 - chembl_curator.splitter - INFO - External pocket matches loaded for 1358 targets; reported in chembl_targets.tsv, not used to filter
2026-09-07 12:49:21,438 - chembl_curator.splitter - INFO - ChEMBL targets summary: 1413 targets -> /data/galaxy4/user/j2ho/DB/ChEMBL-Q/curated_v5/chembl_targets.tsv
Train:   /data/galaxy4/user/j2ho/DB/ChEMBL-Q/curated_v5/train.txt
Test:    /data/galaxy4/user/j2ho/DB/ChEMBL-Q/curated_v5/test.txt
Targets: /data/galaxy4/user/j2ho/DB/ChEMBL-Q/curated_v5/chembl_targets.tsv
end=Mon Sep  7 12:49:21 PM KST 2026
